Microchip MPLAB XC8 Compiler V3.10

Linker command line:

-W-3 --edf=D:\USEME FOLDER\EMERTXE\pic\dat\20250813170317_en.msgs -cn \
  -h+dist/default/production\oven.X.production.sym \
  --cmf=dist/default/production\oven.X.production.cmf -z -Q16F877A \
  -oC:\Users\HP\AppData\Local\Temp\xcAsm4o.0\driver_tmp_3.o \
  --defsym=__MPLAB_BUILD=1 --fixupoverflow=error \
  -Mdist/default/production/oven.X.production.map \
  --md=C:\Users\HP\AppData\Local\Temp\xcAsm4o.0\driver_tmp_0.dat -E1 \
  -ver=XC8 Compiler -ACODE=00h-07FFhx4 -ASTRCODE=00h-01FFFh \
  -ASTRING=00h-0FFhx32 -ACONST=00h-0FFhx32 -AENTRY=00h-0FFhx32 \
  -ACOMMON=070h-07Fh -ABANK0=020h-06Fh -ABANK1=0A0h-0EFh \
  -ABANK2=0110h-016Fh -ABANK3=0190h-01EFh \
  -ARAM=020h-06Fh,0A0h-0EFh,0110h-016Fh,0190h-01EFh \
  -AABS1=020h-07Fh,0A0h-0EFh,0110h-016Fh,0190h-01EFh -ASFR0=00h-01Fh \
  -ASFR1=080h-09Fh -ASFR2=0100h-010Fh -ASFR3=0180h-018Fh \
  -ACONFIG=02007h-02007h -DCONFIG=2 -AIDLOC=02000h-02003h -DIDLOC=2 \
  -AEEDATA=00h-0FFh/02100h -peeprom_data=EEDATA -DEEDATA=2 -DCODE=2 \
  -DSTRCODE=2 -DSTRING=2 -DCONST=2 -DENTRY=2 \
  -preset_vec=00h,intentry=04h,sivt,init,end_init -ppowerup=CODE \
  -pcinit=CODE -pfunctab=ENTRY -k \
  C:\Users\HP\AppData\Local\Temp\xcAsm4o.0\driver_tmp_12.o \
  dist/default/production\oven.X.production.o 

Object code version is 3.11

Machine type is 16F877A



                Name                               Link     Load   Length Selector   Space Scale
C:\Users\HP\AppData\Local\Temp\xcAsm4o.0\driver_tmp_12.o
                end_init                              C        C        3        8       0
                reset_vec                             0        0        3        0       0
                config                             2007     2007        1        0       4
dist/default/production\oven.X.production.o
                cinit                                 F        F       1E        8       0
                intentry                              4        4        8        8       0
                config                             2007     2007        1        0       4
                text21                              70F      70F       42      5F4       0
                text20                              78B      78B       36      5F4       0
                text19                              1C1      1C1       33        8       0
                text18                              7C1      7C1       35      5F4       0
                text17                              FD8      FD8       28     1FB0       0
                text16                              66A      66A       63      5F4       0
                text15                              1F4      1F4        B        8       0
                text14                              F40      F40       10     1E80       0
                text13                              F33      F33        D     1E66       0
                text12                              F72      F72       1E     1EE4       0
                text11                              6CD      6CD       42      5F4       0
                text10                              751      751       3A      5F4       0
                text9                               568      568       8D      5F4       0
                text8                               F50      F50       11     1EA0       0
                text7                               F61      F61       11     1EC2       0
                text6                               5F5      5F5       75      5F4       0
                text5                               4BC      4BC       AC      5F4       0
                text4                               F90      F90       23     1F20       0
                text3                               FB3      FB3       25     1F66       0
                text2                               3E6      3E6       D6      5F4       0
                text1                               2FA      2FA       EC      5F4       0
                maintext                             2D       2D      194        8       0
                cstackBANK0                          20       20       14       20       1
                cstackCOMMON                         70       70        9       70       1
                dataBANK0                            40       40        1       20       1
                bssBANK0                             34       34        C       20       1
                dataCOMMON                           7B       7B        1       70       1
                bssCOMMON                            79       79        2       70       1
                strings                             200      200       FA      400       0
                idataBANK0                          7F7      7F7        1      5F4       0
                idataCOMMON                         7F6      7F6        1      5F4       0

TOTAL           Name                               Link     Load   Length     Space
        CLASS   CODE           
                end_init                              C        C        3         0
                cinit                                 F        F       1E         0
                intentry                              4        4        8         0
                reset_vec                             0        0        3         0
                text21                              70F      70F       42         0
                text20                              78B      78B       36         0
                text19                              1C1      1C1       33         0
                text18                              7C1      7C1       35         0
                text17                              FD8      FD8       28         0
                text16                              66A      66A       63         0
                text15                              1F4      1F4        B         0
                text14                              F40      F40       10         0
                text13                              F33      F33        D         0
                text12                              F72      F72       1E         0
                text11                              6CD      6CD       42         0
                text10                              751      751       3A         0
                text9                               568      568       8D         0
                text8                               F50      F50       11         0
                text7                               F61      F61       11         0
                text6                               5F5      5F5       75         0
                text5                               4BC      4BC       AC         0
                text4                               F90      F90       23         0
                text3                               FB3      FB3       25         0
                text2                               3E6      3E6       D6         0
                text1                               2FA      2FA       EC         0
                maintext                             2D       2D      194         0
                idataBANK0                          7F7      7F7        1         0
                idataCOMMON                         7F6      7F6        1         0

        CLASS   STRCODE        

        CLASS   STRING         
                strings                             200      200       FA         0

        CLASS   CONST          

        CLASS   ENTRY          

        CLASS   COMMON         
                cstackCOMMON                         70       70        9         1
                dataCOMMON                           7B       7B        1         1
                bssCOMMON                            79       79        2         1

        CLASS   BANK0          
                cstackBANK0                          20       20       14         1
                dataBANK0                            40       40        1         1
                bssBANK0                             34       34        C         1

        CLASS   BANK1          

        CLASS   BANK2          

        CLASS   BANK3          

        CLASS   RAM            

        CLASS   ABS1           
                abs_s1                               7E       7E        2         1

        CLASS   SFR0           

        CLASS   SFR1           

        CLASS   SFR2           

        CLASS   SFR3           

        CLASS   CONFIG         
                config                             2007     2007        1         4

        CLASS   IDLOC          

        CLASS   EEDATA         

        CLASS   HEAP           

        CLASS   STACK          



SEGMENTS        Name                           Load    Length   Top    Selector   Space  Class     Delta

                reset_vec                      000000  000003  000003         0       0  CODE        2
                intentry                       000004  0001FB  0001FF         8       0  CODE        2
                cstackBANK0                    000020  000021  000041        20       1  BANK0       1
                cstackCOMMON                   000070  00000C  00007C        70       1  COMMON      1
                strings                        000200  0000FA  0002FA       400       0  STRING      2
                text1                          0002FA  0004FE  0007F8       5F4       0  CODE        2
                text13                         000F33  00000D  000F40      1E66       0  CODE        2
                text14                         000F40  000010  000F50      1E80       0  CODE        2
                text8                          000F50  000011  000F61      1EA0       0  CODE        2
                text7                          000F61  000011  000F72      1EC2       0  CODE        2
                text12                         000F72  00001E  000F90      1EE4       0  CODE        2
                text4                          000F90  000023  000FB3      1F20       0  CODE        2
                text3                          000FB3  000025  000FD8      1F66       0  CODE        2
                text17                         000FD8  000028  001000      1FB0       0  CODE        2


UNUSED ADDRESS RANGES

        Name                Unused          Largest block    Delta
        BANK0            0041-006F             2F           1
        BANK1            00A0-00EF             50           1
        BANK2            0110-016F             60           1
        BANK3            0190-01EF             60           1
        CODE             0003-0003              1           2
                         01FF-01FF              1
                         07F8-0F32              8
                         1000-1FFF            800
        COMMON           007C-007D              2           1
        CONST            0003-0003              1           2
                         01FF-01FF              1
                         07F8-0F32            100
                         1000-1FFF            100
        EEDATA           2100-21FF            100           2
        ENTRY            0003-0003              1           2
                         01FF-01FF              1
                         07F8-0F32            100
                         1000-1FFF            100
        IDLOC            2000-2003              4           2
        RAM              0041-006F             2F           1
                         00A0-00EF             50
                         0110-016F             60
                         0190-01EF             60
        SFR0             0000-001F             20           1
        SFR1             0080-009F             20           1
        SFR2             0100-010F             10           1
        SFR3             0180-018F             10           1
        STRCODE          0003-0003              1           2
                         01FF-01FF              1
                         07F8-0F32            73B
                         1000-1FFF           1000
        STRING           0003-0003              1           2
                         01FF-01FF              1
                         07F8-0F32            100
                         1000-1FFF            100

                                  Symbol Table

?___lwdiv                        cstackCOMMON 0072
?___lwmod                        cstackBANK0  0020
?___wmul                         cstackCOMMON 0072
_GIE                             (abs)        005F
_PEIE                            (abs)        005E
_PORTD                           (abs)        0008
_PR2                             (abs)        0092
_RB0                             (abs)        0030
_RB1                             (abs)        0031
_RB2                             (abs)        0032
_RC1                             (abs)        0039
_RC2                             (abs)        003A
_RD0                             (abs)        0040
_RD1                             (abs)        0041
_RD2                             (abs)        0042
_RD3                             (abs)        0043
_RE1                             (abs)        0049
_RE2                             (abs)        004A
_T2CKPS0                         (abs)        0090
_T2CKPS1                         (abs)        0091
_TMR2IE                          (abs)        0461
_TMR2IF                          (abs)        0061
_TMR2ON                          (abs)        0092
_TRISB                           (abs)        0086
_TRISC1                          (abs)        0439
_TRISC2                          (abs)        043A
_TRISD                           (abs)        0088
_TRISE1                          (abs)        0449
_TRISE2                          (abs)        044A
__H__absolute__                  __absolute__ 0000
__Habs1                          abs1         0000
__Hbank0                         bank0        0000
__Hbank1                         bank1        0000
__Hbank2                         bank2        0000
__Hbank3                         bank3        0000
__HbssBANK0                      bssBANK0     0000
__HbssCOMMON                     bssCOMMON    0000
__Hcinit                         cinit        002D
__Hclrtext                       clrtext      0000
__Hcode                          code         0000
__Hcommon                        common       0000
__Hconfig                        config       2008
__HcstackBANK0                   cstackBANK0  0000
__HcstackCOMMON                  cstackCOMMON 0000
__HdataBANK0                     dataBANK0    0000
__HdataCOMMON                    dataCOMMON   0000
__Heeprom_data                   eeprom_data  0000
__Hend_init                      end_init     000F
__Hfunctab                       functab      0000
__Hheap                          heap         0000
__HidataBANK0                    idataBANK0   0000
__HidataCOMMON                   idataCOMMON  0000
__Hinit                          init         000C
__Hintentry                      intentry     000C
__Hmaintext                      maintext     0000
__Hpowerup                       powerup      0000
__Hram                           ram          0000
__Hreset_vec                     reset_vec    0003
__Hsfr0                          sfr0         0000
__Hsfr1                          sfr1         0000
__Hsfr2                          sfr2         0000
__Hsfr3                          sfr3         0000
__Hsivt                          sivt         000C
__Hspace_0                       (abs)        1000
__Hspace_1                       (abs)        007C
__Hspace_2                       (abs)        0000
__Hspace_3                       (abs)        0000
__Hspace_4                       (abs)        400F
__Hstack                         stack        0000
__Hstrings                       strings      0000
__Htext                          text         0000
__L__absolute__                  __absolute__ 0000
__Labs1                          abs1         0000
__Lbank0                         bank0        0000
__Lbank1                         bank1        0000
__Lbank2                         bank2        0000
__Lbank3                         bank3        0000
__LbssBANK0                      bssBANK0     0000
__LbssCOMMON                     bssCOMMON    0000
__Lcinit                         cinit        000F
__Lclrtext                       clrtext      0000
__Lcode                          code         0000
__Lcommon                        common       0000
__Lconfig                        config       0000
__LcstackBANK0                   cstackBANK0  0000
__LcstackCOMMON                  cstackCOMMON 0000
__LdataBANK0                     dataBANK0    0000
__LdataCOMMON                    dataCOMMON   0000
__Leeprom_data                   eeprom_data  0000
__Lend_init                      end_init     000C
__Lfunctab                       functab      0000
__Lheap                          heap         0000
__LidataBANK0                    idataBANK0   0000
__LidataCOMMON                   idataCOMMON  0000
__Linit                          init         000C
__Lintentry                      intentry     0004
__Lmaintext                      maintext     0000
__Lpowerup                       powerup      0000
__Lram                           ram          0000
__Lreset_vec                     reset_vec    0000
__Lsfr0                          sfr0         0000
__Lsfr1                          sfr1         0000
__Lsfr2                          sfr2         0000
__Lsfr3                          sfr3         0000
__Lsivt                          sivt         000C
__Lspace_0                       (abs)        0000
__Lspace_1                       (abs)        0000
__Lspace_2                       (abs)        0000
__Lspace_3                       (abs)        0000
__Lspace_4                       (abs)        0000
__Lstack                         stack        0000
__Lstrings                       strings      0000
__Ltext                          text         0000
__S0                             (abs)        1000
__S1                             (abs)        007C
__S3                             (abs)        0000
___heap_hi                       (abs)        0000
___heap_lo                       (abs)        0000
___int_sp                        stack        0000
___int_stack_hi                  stack        0000
___int_stack_lo                  stack        0000
___latbits                       (abs)        0002
___lwdiv                         text11       06CD
___lwdiv@counter                 cstackCOMMON 0076
___lwdiv@dividend                cstackCOMMON 0074
___lwdiv@divisor                 cstackCOMMON 0072
___lwdiv@quotient                cstackCOMMON 0077
___lwmod                         text10       0751
___lwmod@counter                 cstackBANK0  0024
___lwmod@dividend                cstackBANK0  0022
___lwmod@divisor                 cstackBANK0  0020
___sp                            stack        0000
___stack_hi                      stack        0000
___stack_lo                      stack        0000
___stackhi                       (abs)        0000
___stacklo                       (abs)        0000
___wmul                          text3        0FB3
___wmul@multiplicand             cstackCOMMON 0074
___wmul@multiplier               cstackCOMMON 0072
___wmul@product                  cstackCOMMON 0076
__end_of___lwdiv                 text11       070F
__end_of___lwmod                 text10       078B
__end_of___wmul                  text3        0FD8
__end_of__initialization         cinit        0029
__end_of__stringtab              strings      0210
__end_of_clcd_print              text19       01F4
__end_of_clcd_putch              text8        0F61
__end_of_clcd_write              text20       07C1
__end_of_clear_screen            text7        0F72
__end_of_display_main_menu       text18       07F6
__end_of_display_time_screen     text17       1000
__end_of_init_clcd               text15       01FF
__end_of_init_config             text12       0F90
__end_of_init_display_controller text16       06CD
__end_of_init_matrix_keypad      text14       0F50
__end_of_init_timer2             text13       0F40
__end_of_isr                     text21       0751
__end_of_main                    maintext     01C1
__end_of_operation_mode          text9        05F5
__end_of_power_on_screen         text6        066A
__end_of_read_matrix_keypad      text4        0FB3
__end_of_scan_keypad             text5        0568
__end_of_set_temp                text2        04BC
__end_of_set_time                text1        03E6
__initialization                 cinit        000F
__pbssBANK0                      bssBANK0     0034
__pbssCOMMON                     bssCOMMON    0079
__pcstackBANK0                   cstackBANK0  0020
__pcstackCOMMON                  cstackCOMMON 0070
__pdataBANK0                     dataBANK0    0040
__pdataCOMMON                    dataCOMMON   007B
__pidataBANK0                    idataBANK0   07F7
__pidataCOMMON                   idataCOMMON  07F6
__pintentry                      intentry     0004
__pmaintext                      maintext     002D
__pstrings                       strings      0200
__ptext1                         text1        02FA
__ptext10                        text10       0751
__ptext11                        text11       06CD
__ptext12                        text12       0F72
__ptext13                        text13       0F33
__ptext14                        text14       0F40
__ptext15                        text15       01F4
__ptext16                        text16       066A
__ptext17                        text17       0FD8
__ptext18                        text18       07C1
__ptext19                        text19       01C1
__ptext2                         text2        03E6
__ptext20                        text20       078B
__ptext21                        text21       070F
__ptext3                         text3        0FB3
__ptext4                         text4        0F90
__ptext5                         text5        04BC
__ptext6                         text6        05F5
__ptext7                         text7        0F61
__ptext8                         text8        0F50
__ptext9                         text9        0568
__stringbase                     strings      020F
__stringtab                      strings      0200
_clcd_print                      text19       01C1
_clcd_putch                      text8        0F50
_clcd_write                      text20       078B
_clear_screen                    text7        0F61
_display_main_menu               text18       07C1
_display_time_screen             text17       0FD8
_init_clcd                       text15       01F4
_init_config                     text12       0F72
_init_display_controller         text16       066A
_init_matrix_keypad              text14       0F40
_init_timer2                     text13       0F33
_isr                             text21       070F
_main                            maintext     002D
_min                             bssBANK0     003C
_nRBPU                           (abs)        040F
_operation_mode                  text9        0568
_power_on_screen                 text6        05F5
_read_matrix_keypad              text4        0F90
_run_timer                       bssBANK0     0038
_scan_keypad                     text5        04BC
_sec                             bssBANK0     003E
_set_temp                        text2        03E6
_set_time                        text1        02FA
_state                           dataBANK0    0040
_temp                            bssBANK0     003A
btemp                            (abs)        007E
btemp0                           (abs)        007E
btemp1                           (abs)        007F
clcd_print@addr                  cstackBANK0  0022
clcd_print@str                   cstackBANK0  0020
clcd_putch@addr                  cstackCOMMON 0076
clcd_putch@data                  cstackCOMMON 0077
clcd_write@byte                  cstackCOMMON 0075
clcd_write@mode                  cstackCOMMON 0072
end_of_initialization            cinit        0029
interrupt_function               intentry     0004
intlevel0                        functab      0000
intlevel1                        functab      0000
intlevel2                        functab      0000
intlevel3                        functab      0000
intlevel4                        functab      0000
intlevel5                        functab      0000
isr@count                        bssCOMMON    0079
ltemp0a                          (abs)        0080
main@key                         cstackBANK0  0033
operation_mode@min               cstackBANK0  0025
operation_mode@sec               cstackBANK0  0027
operation_mode@time_str          cstackBANK0  0029
power_on_screen@i                cstackBANK0  0026
power_on_screen@i_147            cstackBANK0  0027
read_matrix_keypad@key           cstackCOMMON 0075
read_matrix_keypad@mode          cstackCOMMON 0074
read_matrix_keypad@once          dataCOMMON   007B
reset_vec                        reset_vec    0000
saved_w                          (abs)        007E
scan_keypad@i                    cstackCOMMON 0072
set_temp@key                     cstackBANK0  002D
set_temp@pos                     bssBANK0     0034
set_temp@temp                    cstackBANK0  0025
set_temp@temp_str                cstackBANK0  0028
set_time@key                     cstackBANK0  002F
set_time@min                     cstackBANK0  0025
set_time@pos                     bssBANK0     0036
set_time@sec                     cstackBANK0  0026
set_time@time_str                cstackBANK0  0029
start                            init         000C
start_initialization             cinit        000F
ttemp0a                          (abs)        007F
wtemp0                           (abs)        007E
wtemp0a                          (abs)        007F


MODULE INFORMATION

Module		Function		Class		Link	Load	Size
timers.c
		_init_timer2   		CODE           	0F33	0000	13

timers.c estimated size: 13

D:\USEME FOLDER\EMERTXE\pic\sources\c99\common\Umul16.c
		___wmul        		CODE           	0FB3	0000	37

D:\USEME FOLDER\EMERTXE\pic\sources\c99\common\Umul16.c estimated size: 37

matrix_keypad.c
		_init_matrix_keypad		CODE           	0F40	0000	16
		_read_matrix_keypad		CODE           	0F90	0000	35
		_scan_keypad   		CODE           	04BC	0000	172

matrix_keypad.c estimated size: 223

D:\USEME FOLDER\EMERTXE\pic\sources\c99\common\lwmod.c
		___lwmod       		CODE           	0751	0000	58

D:\USEME FOLDER\EMERTXE\pic\sources\c99\common\lwmod.c estimated size: 58

isr.c
		_isr           		CODE           	070F	0000	66

isr.c estimated size: 66

shared
		__stringtab    		STRING         	0200	0000	16
		__initialization		CODE           	000F	0000	26

shared estimated size: 42

clcd.c
		_clcd_write    		CODE           	078B	0000	54
		_clcd_print    		CODE           	01C1	0000	51
		_clcd_putch    		CODE           	0F50	0000	17
		_init_display_controller		CODE           	066A	0000	99
		_init_clcd     		CODE           	01F4	0000	11

clcd.c estimated size: 232

micro_oven.c
		_display_time_screen		CODE           	0FD8	0000	40
		_set_temp      		CODE           	03E6	0000	214
		_display_main_menu		CODE           	07C1	0000	53
		_clear_screen  		CODE           	0F61	0000	17
		_power_on_screen		CODE           	05F5	0000	117
		_set_time      		CODE           	02FA	0000	236
		_operation_mode		CODE           	0568	0000	141

micro_oven.c estimated size: 818

main.c
		_main          		CODE           	002D	0000	404
		_init_config   		CODE           	0F72	0000	30

main.c estimated size: 434

D:\USEME FOLDER\EMERTXE\pic\sources\c99\common\lwdiv.c
		___lwdiv       		CODE           	06CD	0000	66

D:\USEME FOLDER\EMERTXE\pic\sources\c99\common\lwdiv.c estimated size: 66

